node : E:\FacingBook\server
\node_modules\path-to-regex
p\dist\index.js:96
所在位置 行:1 字符: 1
+ node server.js > error.lo
g 2>&1 ; cat error.log
+ ~~~~~~~~~~~~~~~~~~~~~~~~~
~~~~~~
    + CategoryInfo         
     : NotSpecified: (E:\  
  FacingBook\s...ist\ind   
 ex.js:96:String) [], R    
emoteException
    + FullyQualifiedErrorI 
   d : NativeCommandError
 
            throw new PathE
rror(`Missing parameter nam
e at index ${index}`, str);
            ^

PathError [TypeError]: Miss
ing parameter name at index
 1: *; visit https://git.ne
w/pathToRegexpError for inf
o
    at name (E:\FacingBook\
server\node_modules\path-to
-regexp\dist\index.js:96:19
)
    at parse (E:\FacingBook
\server\node_modules\path-t
o-regexp\dist\index.js:113:
68)
    at pathToRegexp (E:\Fac
ingBook\server\node_modules
\path-to-regexp\dist\index.
js:267:58)
    at Object.match (E:\Fac
ingBook\server\node_modules
\path-to-regexp\dist\index.
js:237:30)
    at matcher (E:\FacingBo
ok\server\node_modules\rout
er\lib\layer.js:86:23)
    at new Layer (E:\Facing
Book\server\node_modules\ro
uter\lib\layer.js:93:62)
    at router.use (E:\Facin
gBook\server\node_modules\r
outer\index.js:398:19)
    at app.<anonymous> (E:\
FacingBook\server\node_modu
les\express\lib\application
.js:222:21)
    at Array.forEach (<anon
ymous>)
    at app.use (E:\FacingBo
ok\server\node_modules\expr
ess\lib\application.js:219:
7) {
  originalPath: '*'
}

Node.js v24.10.0
